<thematic_keywords>    <thematic_keyword>        <category>1</category>        <term>GEOLOGY</term>        <definition>Earth's history and its life as recorded in the rocks; includes the study of geologic features of an area, such as the geometry of rock formations, weathering and erosion, and sedimentation.</definition>    </thematic_keyword>    <thematic_keyword>        <category>2</category>        <term>Bedrock</term>        <definition>Consolidated rock</definition>    </thematic_keyword>    <thematic_keyword>        <category>2</category>        <term>Superficial deposits</term>        <definition>Unconsolidated/quaternary geological deposits</definition>    </thematic_keyword>    <thematic_keyword>        <category>2</category>        <term>Surface geology</term>        <definition>Superficial deposits and bedrock which occurs at the Earth's surface</definition>    </thematic_keyword>    <thematic_keyword>        <category>2</category>        <term>Borehole</term>        <definition>Boreholes or data surveyed in boreholes</definition>    </thematic_keyword>    <thematic_keyword>        <category>2</category>        <term>Geochronology</term>        <definition>Absolute ages of rocks, fossils, and sediments, within a certain degree of uncertainty inherent to the method used</definition>    </thematic_keyword>    <thematic_keyword>        <category>2</category>        <term>Radiometry</term>        <definition>In optics, radiometry is a set of techniques for measuring electromagnetic radiation, including visible light.</definition>    </thematic_keyword>    <thematic_keyword>        <category>2</category>        <term>Absolute age</term>        <definition>The geologic age of a fossil, or a geologic event or structure expressed in units of time, usually years.</definition>    </thematic_keyword>    <thematic_keyword>        <category>2</category>        <term>Stratigraphy</term>        <definition>Rock and sediment layers and layering (stratification)</definition>    </thematic_keyword>    <thematic_keyword>        <category>2</category>        <term>Biostratigraphy</term>        <definition>The branch of stratigraphy which focuses on correlating and assigning relative ages of rock strata by using the fossil assemblages contained within them</definition>    </thematic_keyword>    <thematic_keyword>        <category>2</category>        <term>Chronostratigraphy</term>        <definition>The branch of stratigraphy that studies the age of rock strata inr elation to time</definition>    </thematic_keyword>    <thematic_keyword>        <category>2</category>        <term>Structural geology</term>        <definition>Three-dimensional distribution of rock units with respect to their deformational histories</definition>    </thematic_keyword>    <thematic_keyword>        <category>2</category>        <term>Tectonics</term>        <definition/>    </thematic_keyword>    <thematic_keyword>        <category>2</category>        <term>Neotectonics</term>        <definition/>    </thematic_keyword>    <thematic_keyword>        <category>2</category>        <term>Structure</term>        <definition/>    </thematic_keyword>    <thematic_keyword>        <category>2</category>        <term>Fault</term>        <definition/>    </thematic_keyword>    <thematic_keyword>        <category>2</category>        <term>Fold</term>        <definition/>    </thematic_keyword>    <thematic_keyword>        <category>2</category>        <term>Petrology</term>        <definition>Origin, occurrence, structure, and history of rocks</definition>    </thematic_keyword>    <thematic_keyword>        <category>2</category>        <term>Lithology</term>        <definition/>    </thematic_keyword>    <thematic_keyword>        <category>2</category>        <term>Igneous rock</term>        <definition/>    </thematic_keyword>    <thematic_keyword>        <category>2</category>        <term>Metamorphic rock</term>        <definition/>    </thematic_keyword>    <thematic_keyword>        <category>2</category>        <term>Sedimentary rock</term>        <definition/>    </thematic_keyword>    <thematic_keyword>        <category>2</category>        <term>Mineralogy</term>        <definition/>    </thematic_keyword>    <thematic_keyword>        <category>2</category>        <term>Geochemistry</term>        <definition>Distribution and amounts of the chemical elements in minerals, ores, rocks, soils, and water</definition>    </thematic_keyword>    <thematic_keyword>        <category>2</category>        <term>Hydrogeochemistry</term>        <definition/>    </thematic_keyword>    <thematic_keyword>        <category>2</category>        <term>Lithogeochemistry</term>        <definition/>    </thematic_keyword>    <thematic_keyword>        <category>2</category>        <term>Organic geochemistry</term>        <definition/>    </thematic_keyword>    <thematic_keyword>        <category>2</category>        <term>Pedology</term>        <definition>Soil morphology, genesis, and classification</definition>    </thematic_keyword>    <thematic_keyword>        <category>2</category>        <term>Soil</term>        <definition/>    </thematic_keyword>    <thematic_keyword>        <category>2</category>        <term>Permafrost</term>        <definition/>    </thematic_keyword>    <thematic_keyword>        <category>2</category>        <term>Sedimentology</term>        <definition>Description, classification, origin, and interpretation of sediments and sedimentary rocks</definition>    </thematic_keyword>    <thematic_keyword>        <category>2</category>        <term>Deposition</term>        <definition/>    </thematic_keyword>    <thematic_keyword>        <category>2</category>        <term>Erosion</term>        <definition/>    </thematic_keyword>    <thematic_keyword>        <category>2</category>        <term>Marine submersion</term>        <definition/>    </thematic_keyword>    <thematic_keyword>        <category>2</category>        <term>Mudflow</term>        <definition/>    </thematic_keyword>    <thematic_keyword>        <category>2</category>        <term>Geomorphology</term>        <definition>Landforms on the Earth's surface and the processes that shape them</definition>    </thematic_keyword>    <thematic_keyword>        <category>2</category>        <term>Geoheritage</term>        <definition>Geological sites of scientific, cultural or aesthetic value, including geotourism</definition>    </thematic_keyword>    <thematic_keyword>        <category>2</category>        <term>Conservation</term>        <definition/>    </thematic_keyword>    <thematic_keyword>        <category>2</category>        <term>Geological trail</term>        <definition/>    </thematic_keyword>    <thematic_keyword>        <category>2</category>        <term>Geopark</term>        <definition/>    </thematic_keyword>    <thematic_keyword>        <category>2</category>        <term>Geosite</term>        <definition/>    </thematic_keyword>    <thematic_keyword>        <category>2</category>        <term>Geotourism</term>        <definition/>    </thematic_keyword>    <thematic_keyword>        <category>2</category>        <term>Preservation</term>        <definition/>    </thematic_keyword>    <thematic_keyword>        <category>2</category>        <term>Artificial ground</term>        <definition>Man-made deposits, mineral workings, re-modelled or altered ground</definition>    </thematic_keyword>    <thematic_keyword>        <category>2</category>        <term>Marine Geology</term>        <definition>Investigations of the ocean floor and coastal margins</definition>    </thematic_keyword>    <thematic_keyword>        <category>2</category>        <term>Seafloor type</term>        <definition/>    </thematic_keyword>    <thematic_keyword>        <category>2</category>        <term>Shallow gas</term>        <definition/>    </thematic_keyword>    <thematic_keyword>        <category>2</category>        <term>Bathymetry</term>        <definition/>    </thematic_keyword>    <thematic_keyword>        <category>2</category>        <term>Miscellaneous</term>        <definition/>    </thematic_keyword>    <thematic_keyword>        <category>2</category>        <term>Education</term>        <definition/>    </thematic_keyword>    <thematic_keyword>        <category>2</category>        <term>Mathematical geology</term>        <definition/>    </thematic_keyword>    <thematic_keyword>        <category>2</category>        <term>Popular geology</term>        <definition/>    </thematic_keyword>    <thematic_keyword>        <category>2</category>        <term>Harmonized geology</term>        <definition/>    </thematic_keyword>    <thematic_keyword>        <category>2</category>        <term>Harmonized age</term>        <definition/>    </thematic_keyword>    <thematic_keyword>        <category>2</category>        <term>Harmonized genesis</term>        <definition/>    </thematic_keyword>    <thematic_keyword>        <category>2</category>        <term>Harmonized data</term>        <definition/>    </thematic_keyword>    <thematic_keyword>        <category>2</category>        <term>Harmonized structure</term>        <definition/>    </thematic_keyword>    <thematic_keyword>        <category>1</category>        <term>GEOPHYSICS</term>        <definition>Measurements and interpolations of geophysical parameters</definition>    </thematic_keyword>    <thematic_keyword>        <category>2</category>        <term>Gravimetry</term>        <definition>Measurement of the strength of a gravitational field</definition>    </thematic_keyword>    <thematic_keyword>        <category>2</category>        <term>Geomagnetism</term>        <definition>Measurements of the Earth's magnetic field</definition>    </thematic_keyword>    <thematic_keyword>        <category>2</category>        <term>Paleomagnetism</term>        <definition>The record of the Earth's magnetic field preserved in various magnetic minerals through time</definition>    </thematic_keyword>    <thematic_keyword>        <category>2</category>        <term>Geoelectricity</term>        <definition>Measurements of the Earth's natural electric fields and phenomena</definition>    </thematic_keyword>    <thematic_keyword>        <category>2</category>        <term>Radioactivity</term>        <definition>Measurements of the Earth's radioactive elements</definition>    </thematic_keyword>    <thematic_keyword>        <category>2</category>        <term>Seismology</term>        <definition>Earthquakes and the propagation of elastic waves through the Earth</definition>    </thematic_keyword>    <thematic_keyword>        <category>2</category>        <term>Geothermics</term>        <definition>Study of the thermal state of the interior of the solid Earth and of the thermal properties of Earth materials</definition>    </thematic_keyword>    <thematic_keyword>        <category>1</category>        <term>ECONOMIC GEOLOGY</term>        <definition>Geologic bodies and materials that can be utilized profitably by man</definition>    </thematic_keyword>    <thematic_keyword>        <category>2</category>        <term>Exploration</term>        <definition/>    </thematic_keyword>    <thematic_keyword>        <category>2</category>        <term>Mining</term>        <definition/>    </thematic_keyword>    <thematic_keyword>        <category>2</category>        <term>Metals</term>        <definition>Metal resources</definition>    </thematic_keyword>    <thematic_keyword>        <category>2</category>        <term>Minerals</term>        <definition>Mineral resources</definition>    </thematic_keyword>    <thematic_keyword>        <category>2</category>        <term>Energy</term>        <definition>Energy resources</definition>    </thematic_keyword>    <thematic_keyword>        <category>2</category>        <term>Coal</term>        <definition/>    </thematic_keyword>    <thematic_keyword>        <category>2</category>        <term>Peat</term>        <definition/>    </thematic_keyword>    <thematic_keyword>        <category>2</category>        <term>Oil</term>        <definition/>    </thematic_keyword>    <thematic_keyword>        <category>2</category>        <term>Oil shale</term>        <definition/>    </thematic_keyword>    <thematic_keyword>        <category>2</category>        <term>Gas</term>        <definition/>    </thematic_keyword>    <thematic_keyword>        <category>2</category>        <term>Ore</term>        <definition/>    </thematic_keyword>    <thematic_keyword>        <category>2</category>        <term>Metallic ore</term>        <definition/>    </thematic_keyword>    <thematic_keyword>        <category>1</category>        <term>ENGINEERING GEOLOGY</term>        <definition>Geologic factors affecting the location, design, construction, operation and maintenance of engineering works</definition>    </thematic_keyword>    <thematic_keyword>        <category>2</category>        <term>Geotechnics</term>        <definition/>    </thematic_keyword>    <thematic_keyword>        <category>2</category>        <term>Rock mechanics</term>        <definition/>    </thematic_keyword>    <thematic_keyword>        <category>2</category>        <term>Soil mechanics</term>        <definition/>    </thematic_keyword>    <thematic_keyword>        <category>2</category>        <term>Land heave</term>        <definition/>    </thematic_keyword>    <thematic_keyword>        <category>2</category>        <term>Land subsidence</term>        <definition/>    </thematic_keyword>    <thematic_keyword>        <category>1</category>        <term>ENVIRONMENTAL GEOLOGY</term>        <definition>Human interactions with the geological environment</definition>    </thematic_keyword>    <thematic_keyword>        <category>2</category>        <term>Geologic hazards</term>        <definition>geological conditions capable of causing damage or loss of property and life</definition>    </thematic_keyword>    <thematic_keyword>        <category>2</category>        <term>Avalanche</term>        <definition/>    </thematic_keyword>    <thematic_keyword>        <category>2</category>        <term>Cavity caving</term>        <definition/>    </thematic_keyword>    <thematic_keyword>        <category>2</category>        <term>Collapse of metastable sediments</term>        <definition/>    </thematic_keyword>    <thematic_keyword>        <category>2</category>        <term>Earthquake</term>        <definition/>    </thematic_keyword>    <thematic_keyword>        <category>2</category>        <term>Flood</term>        <definition/>    </thematic_keyword>    <thematic_keyword>        <category>2</category>        <term>Landslide</term>        <definition/>    </thematic_keyword>    <thematic_keyword>        <category>2</category>        <term>Mud and debris flow</term>        <definition/>    </thematic_keyword>    <thematic_keyword>        <category>2</category>        <term>Off-shore landslides and collapses</term>        <definition/>    </thematic_keyword>    <thematic_keyword>        <category>2</category>        <term>Quick clay</term>        <definition/>    </thematic_keyword>    <thematic_keyword>        <category>2</category>        <term>Rockfall</term>        <definition/>    </thematic_keyword>    <thematic_keyword>        <category>2</category>        <term>Tsunami</term>        <definition/>    </thematic_keyword>    <thematic_keyword>        <category>2</category>        <term>Volcanism</term>        <definition/>    </thematic_keyword>    <thematic_keyword>        <category>2</category>        <term>Pollution</term>        <definition>Human pollution (contamination) of the geological environment</definition>    </thematic_keyword>    <thematic_keyword>        <category>2</category>        <term>Acid drainage</term>        <definition/>    </thematic_keyword>    <thematic_keyword>        <category>2</category>        <term>Groundwater pollution</term>        <definition/>    </thematic_keyword>    <thematic_keyword>        <category>2</category>        <term>Diffuse pollution</term>        <definition/>    </thematic_keyword>    <thematic_keyword>        <category>2</category>        <term>Point-source pollution</term>        <definition/>    </thematic_keyword>    <thematic_keyword>        <category>2</category>        <term>Reclamation</term>        <definition/>    </thematic_keyword>    <thematic_keyword>        <category>2</category>        <term>Soil pollution</term>        <definition/>    </thematic_keyword>    <thematic_keyword>        <category>2</category>        <term>Climate change</term>        <definition>Geological conditions as they effect climate change</definition>    </thematic_keyword>    <thematic_keyword>        <category>2</category>        <term>Emission of climate gas</term>        <definition/>    </thematic_keyword>    <thematic_keyword>        <category>2</category>        <term>Global warming</term>        <definition/>    </thematic_keyword>    <thematic_keyword>        <category>2</category>        <term>Methane exhalation</term>        <definition/>    </thematic_keyword>    <thematic_keyword>        <category>2</category>        <term>Sea level rise</term>        <definition/>    </thematic_keyword>    <thematic_keyword>        <category>2</category>        <term>Carbon capture and storage</term>        <definition/>    </thematic_keyword>    <thematic_keyword>        <category>2</category>        <term>Waste</term>        <definition>Unwanted or unusable materials</definition>    </thematic_keyword>    <thematic_keyword>        <category>2</category>        <term>Medical geology</term>        <definition>Geological conditions as they effect human, animal and plant health</definition>    </thematic_keyword>    <thematic_keyword>        <category>2</category>        <term>Airborne dust exposure</term>        <definition/>    </thematic_keyword>    <thematic_keyword>        <category>2</category>        <term>Arsenic exposure</term>        <definition/>    </thematic_keyword>    <thematic_keyword>        <category>2</category>        <term>Asbestos exposure</term>        <definition/>    </thematic_keyword>    <thematic_keyword>        <category>2</category>        <term>heavy metal exposure</term>        <definition/>    </thematic_keyword>    <thematic_keyword>        <category>2</category>        <term>Radon exposure</term>        <definition/>    </thematic_keyword>    <thematic_keyword>        <category>1</category>        <term>HYDROGEOLOGY</term>        <definition>Distribution and movement of groundwater in the soil and rocks of the Earth's crust</definition>    </thematic_keyword>    <thematic_keyword>        <category>2</category>        <term>Aquifer</term>        <definition/>    </thematic_keyword>    <thematic_keyword>        <category>2</category>        <term>Groundwater</term>        <definition/>    </thematic_keyword>    <thematic_keyword>        <category>2</category>        <term>Groundwater abstraction</term>        <definition/>    </thematic_keyword>    <thematic_keyword>        <category>2</category>        <term>Groundwater level</term>        <definition/>    </thematic_keyword>    <thematic_keyword>        <category>2</category>        <term>Infiltration</term>        <definition/>    </thematic_keyword>    <thematic_keyword>        <category>2</category>        <term>Spring</term>        <definition/>    </thematic_keyword>    <thematic_keyword>        <category>2</category>        <term>Water quality</term>        <definition/>    </thematic_keyword>    <thematic_keyword>        <category>2</category>        <term>Water well</term>        <definition/>    </thematic_keyword>    <thematic_keyword>        <category>2</category>        <term>Groundwater body</term>        <definition>principal reporting unit with hydraulically coherent entities</definition>    </thematic_keyword></thematic_keywords>
