<html>  <head>    <title>Geoserver GetFeatureInfo output</title>  </head>  <style type="text/css">	table.featureInfo, table.featureInfo td, table.featureInfo th {		border:1px solid #ddd;		border-collapse:collapse;		margin:0;		padding:0;		font-size: 90%;		padding:.2em .1em;	}	table.featureInfo th {	    padding:.2em .2em;		font-weight:bold;		background:#eee;	}	table.featureInfo td{		background:#fff;	}	table.featureInfo tr.odd td{		background:#eee;	}	table.featureInfo caption{		text-align:left;		font-size:100%;		font-weight:bold;		padding:.2em .2em;	}  </style>  <body>  <table class="featureInfo">  <caption class="featureInfo">GBR_BGS_625k_BLT_INSP</caption>  <tr>  <th>fid</th>    <th >identifier</th>    <th >name</th>    <th >description</th>    <th >geologicUnitType</th>    <th >rank</th>    <th >lithology</th>    <th >geologicHistory</th>    <th >observationMethod</th>    <th >positionalAccuracy</th>    <th >source</th>    <th >geologicUnitType_uri</th>    <th >representativeLithology_uri</th>    <th >representativeAge_uri</th>    <th >representativeOlderAge_uri</th>    <th >representativeYoungerAge_uri</th>    <th >numericOlderAge</th>    <th >numericYoungerAge</th>    <th >specification_uri</th>    <th >metadata_uri</th>    <th >genericSymbolizer</th>  </tr>    <tr>  <td>GBR_BGS_625k_BLT_INSP.bgsn_digmap20111213000022713_625k</td>          <td>bgsn_digmap20111213000022713_625k</td>      <td>WAWK-SISDM</td>      <td>WARWICKSHIRE GROUP - SILTSTONE AND SANDSTONE WITH SUBORDINATE MUDSTONE</td>      <td>lithostratigraphic unit</td>      <td></td>      <td>Siltstone</td>      <td>Bashkirian</td>      <td></td>      <td></td>      <td></td>      <td>http://inspire.ec.europa.eu/codelist/GeologicUnitTypeValue/lithostratigraphicUnit</td>      <td>http://inspire.ec.europa.eu/codelist/LithologyValue/siltstone</td>      <td>http://inspire.ec.europa.eu/codelist/GeochronologicEraValue/bashkirian</td>      <td>http://inspire.ec.europa.eu/codelist/GeochronologicEraValue/bashkirian</td>      <td>http://inspire.ec.europa.eu/codelist/GeochronologicEraValue/cisuralian</td>      <td></td>      <td></td>      <td>http://ogc.bgs.ac.uk/digmap625k_gsml_insp_gs/wfs?service=WFS&version=2.0.0&request=GetFeature&namespaces=xmlns%28gsmlb,http%3A%2F%2Fxmlns.geosciml.org%2FGeoSciML-Basic%2F4.0%29&typeNames=gsmlb:GeologicUnit&featureid=WAWK-SISDM</td>      <td></td>      <td></td>  </tr></table><br/>  </body></html>
